Archive member included because of file (symbol)

/usr/local/gcc-arm-none-eabi-4_9-2015q3/bin/../lib/gcc/arm-none-eabi/4.9.3/../../../../arm-none-eabi/lib/armv7e-m/fpu/libg.a(lib_a-exit.o)
                              /usr/local/gcc-arm-none-eabi-4_9-2015q3/bin/../lib/gcc/arm-none-eabi/4.9.3/../../../../arm-none-eabi/lib/armv7e-m/fpu/crt0.o (exit)
/usr/local/gcc-arm-none-eabi-4_9-2015q3/bin/../lib/gcc/arm-none-eabi/4.9.3/../../../../arm-none-eabi/lib/armv7e-m/fpu/libg.a(lib_a-impure.o)
                              /usr/local/gcc-arm-none-eabi-4_9-2015q3/bin/../lib/gcc/arm-none-eabi/4.9.3/../../../../arm-none-eabi/lib/armv7e-m/fpu/libg.a(lib_a-exit.o) (_global_impure_ptr)
/usr/local/gcc-arm-none-eabi-4_9-2015q3/bin/../lib/gcc/arm-none-eabi/4.9.3/../../../../arm-none-eabi/lib/armv7e-m/fpu/libg.a(lib_a-init.o)
                              /usr/local/gcc-arm-none-eabi-4_9-2015q3/bin/../lib/gcc/arm-none-eabi/4.9.3/../../../../arm-none-eabi/lib/armv7e-m/fpu/crt0.o (__libc_init_array)
/usr/local/gcc-arm-none-eabi-4_9-2015q3/bin/../lib/gcc/arm-none-eabi/4.9.3/../../../../arm-none-eabi/lib/armv7e-m/fpu/libg.a(lib_a-memcpy.o)
                              ./Generated_Code/queue.o (memcpy)
/usr/local/gcc-arm-none-eabi-4_9-2015q3/bin/../lib/gcc/arm-none-eabi/4.9.3/../../../../arm-none-eabi/lib/armv7e-m/fpu/libg.a(lib_a-memset.o)
                              /usr/local/gcc-arm-none-eabi-4_9-2015q3/bin/../lib/gcc/arm-none-eabi/4.9.3/../../../../arm-none-eabi/lib/armv7e-m/fpu/crt0.o (memset)
/usr/local/gcc-arm-none-eabi-4_9-2015q3/bin/../lib/gcc/arm-none-eabi/4.9.3/../../../../arm-none-eabi/lib/armv7e-m/fpu/libg.a(lib_a-setjmp.o)
                              ./Generated_Code/port.o (setjmp)
/usr/local/gcc-arm-none-eabi-4_9-2015q3/bin/../lib/gcc/arm-none-eabi/4.9.3/../../../../arm-none-eabi/lib/armv7e-m/fpu/libg.a(lib_a-strchr.o)
                              ./Generated_Code/UTIL1.o (strchr)
/usr/local/gcc-arm-none-eabi-4_9-2015q3/bin/../lib/gcc/arm-none-eabi/4.9.3/../../../../arm-none-eabi/lib/armv7e-m/fpu/libg.a(lib_a-strlen.o)
                              ./Generated_Code/UTIL1.o (strlen)
/usr/local/gcc-arm-none-eabi-4_9-2015q3/bin/../lib/gcc/arm-none-eabi/4.9.3/../../../../arm-none-eabi/lib/armv7e-m/fpu/libg.a(lib_a-strncmp.o)
                              ./Generated_Code/UTIL1.o (strncmp)
/usr/local/gcc-arm-none-eabi-4_9-2015q3/bin/../lib/gcc/arm-none-eabi/4.9.3/../../../../arm-none-eabi/lib/armv7e-m/fpu/libg.a(lib_a-__call_atexit.o)
                              /usr/local/gcc-arm-none-eabi-4_9-2015q3/bin/../lib/gcc/arm-none-eabi/4.9.3/../../../../arm-none-eabi/lib/armv7e-m/fpu/libg.a(lib_a-exit.o) (__call_exitprocs)
/usr/local/gcc-arm-none-eabi-4_9-2015q3/bin/../lib/gcc/arm-none-eabi/4.9.3/../../../../arm-none-eabi/lib/armv7e-m/fpu/libg.a(lib_a-atexit.o)
                              /usr/local/gcc-arm-none-eabi-4_9-2015q3/bin/../lib/gcc/arm-none-eabi/4.9.3/../../../../arm-none-eabi/lib/armv7e-m/fpu/libg.a(lib_a-__call_atexit.o) (atexit)
/usr/local/gcc-arm-none-eabi-4_9-2015q3/bin/../lib/gcc/arm-none-eabi/4.9.3/../../../../arm-none-eabi/lib/armv7e-m/fpu/libg.a(lib_a-fini.o)
                              /usr/local/gcc-arm-none-eabi-4_9-2015q3/bin/../lib/gcc/arm-none-eabi/4.9.3/../../../../arm-none-eabi/lib/armv7e-m/fpu/libg.a(lib_a-__call_atexit.o) (__libc_fini_array)
/usr/local/gcc-arm-none-eabi-4_9-2015q3/bin/../lib/gcc/arm-none-eabi/4.9.3/../../../../arm-none-eabi/lib/armv7e-m/fpu/libg.a(lib_a-__atexit.o)
                              /usr/local/gcc-arm-none-eabi-4_9-2015q3/bin/../lib/gcc/arm-none-eabi/4.9.3/../../../../arm-none-eabi/lib/armv7e-m/fpu/libg.a(lib_a-atexit.o) (__register_exitproc)

Allocating common symbols
Common symbol       size              file

timerSemaphoreHandle
                    0x4               ./Sources/Events.o
SR_reg              0x1               ./Static_Code/System/CPU_Init.o

Discarded input sections

 .text          0x00000000        0x0 /usr/local/gcc-arm-none-eabi-4_9-2015q3/bin/../lib/gcc/arm-none-eabi/4.9.3/armv7e-m/fpu/crti.o
 .data          0x00000000        0x0 /usr/local/gcc-arm-none-eabi-4_9-2015q3/bin/../lib/gcc/arm-none-eabi/4.9.3/armv7e-m/fpu/crti.o
 .bss           0x00000000        0x0 /usr/local/gcc-arm-none-eabi-4_9-2015q3/bin/../lib/gcc/arm-none-eabi/4.9.3/armv7e-m/fpu/crti.o
 .data          0x00000000        0x4 /usr/local/gcc-arm-none-eabi-4_9-2015q3/bin/../lib/gcc/arm-none-eabi/4.9.3/armv7e-m/fpu/crtbegin.o
 .text          0x00000000       0x74 /usr/local/gcc-arm-none-eabi-4_9-2015q3/bin/../lib/gcc/arm-none-eabi/4.9.3/../../../../arm-none-eabi/lib/armv7e-m/fpu/crt0.o
 .data          0x00000000        0x0 /usr/local/gcc-arm-none-eabi-4_9-2015q3/bin/../lib/gcc/arm-none-eabi/4.9.3/../../../../arm-none-eabi/lib/armv7e-m/fpu/crt0.o
 .bss           0x00000000        0x0 /usr/local/gcc-arm-none-eabi-4_9-2015q3/bin/../lib/gcc/arm-none-eabi/4.9.3/../../../../arm-none-eabi/lib/armv7e-m/fpu/crt0.o
[...]
Memory Configuration

Name             Origin             Length             Attributes
m_interrupts     0x00000000         0x00000198         xr
m_text           0x00000410         0x000ffbf0         xr
m_data_1FFF0000  0x1fff0000         0x00010000         rw
m_data           0x20000000         0x00030000         rw
m_cfmprotrom     0x00000400         0x00000010         xr
*default*        0x00000000         0xffffffff

Linker script and memory map

LOAD /usr/local/gcc-arm-none-eabi-4_9-2015q3/bin/../lib/gcc/arm-none-eabi/4.9.3/armv7e-m/fpu/crti.o
LOAD /usr/local/gcc-arm-none-eabi-4_9-2015q3/bin/../lib/gcc/arm-none-eabi/4.9.3/armv7e-m/fpu/crtbegin.o
LOAD /usr/local/gcc-arm-none-eabi-4_9-2015q3/bin/../lib/gcc/arm-none-eabi/4.9.3/../../../../arm-none-eabi/lib/armv7e-m/fpu/crt0.o
LOAD ./Static_Code/System/CPU_Init.o
LOAD ./Static_Code/System/Peripherals_Init.o
LOAD ./Static_Code/System/Vectors.o
LOAD ./Static_Code/Peripherals/ADC0_Init.o
LOAD ./Static_Code/Peripherals/ADC1_Init.o
LOAD ./Static_Code/Peripherals/AIPS0_Init.o
LOAD ./Static_Code/Peripherals/AIPS1_Init.o
LOAD ./Static_Code/Peripherals/AXBS_Init.o
LOAD ./Static_Code/Peripherals/CAN0_Init.o
LOAD ./Static_Code/Peripherals/CMP0_Init.o
LOAD ./Static_Code/Peripherals/CMP1_Init.o
LOAD ./Static_Code/Peripherals/CMP2_Init.o
LOAD ./Static_Code/Peripherals/CMT_Init.o
LOAD ./Static_Code/Peripherals/CRC_Init.o
LOAD ./Static_Code/Peripherals/DAC0_Init.o
LOAD ./Static_Code/Peripherals/DAC1_Init.o
LOAD ./Static_Code/Peripherals/DMAMUX_Init.o
LOAD ./Static_Code/Peripherals/DMA_Init.o
LOAD ./Static_Code/Peripherals/ENET_Init.o
LOAD ./Static_Code/Peripherals/EWM_Init.o
LOAD ./Static_Code/Peripherals/FB_Init.o
LOAD ./Static_Code/Peripherals/FMC_Init.o
LOAD ./Static_Code/Peripherals/FTFE_Init.o
LOAD ./Static_Code/Peripherals/FTM0_Init.o
LOAD ./Static_Code/Peripherals/FTM1_Init.o
LOAD ./Static_Code/Peripherals/FTM2_Init.o
LOAD ./Static_Code/Peripherals/FTM3_Init.o
LOAD ./Static_Code/Peripherals/I2C0_Init.o
LOAD ./Static_Code/Peripherals/I2C1_Init.o
LOAD ./Static_Code/Peripherals/I2C2_Init.o
LOAD ./Static_Code/Peripherals/I2S0_Init.o
LOAD ./Static_Code/Peripherals/LLWU_Init.o
LOAD ./Static_Code/Peripherals/LPTMR0_Init.o
LOAD ./Static_Code/Peripherals/MCM_Init.o
LOAD ./Static_Code/Peripherals/MPU_Init.o
LOAD ./Static_Code/Peripherals/NVIC_Init.o
LOAD ./Static_Code/Peripherals/PDB0_Init.o
LOAD ./Static_Code/Peripherals/PIT_Init.o
LOAD ./Static_Code/Peripherals/PMC_Init.o
LOAD ./Static_Code/Peripherals/PORTA_Init.o
LOAD ./Static_Code/Peripherals/PORTB_Init.o
LOAD ./Static_Code/Peripherals/PORTC_Init.o
LOAD ./Static_Code/Peripherals/PORTD_Init.o
LOAD ./Static_Code/Peripherals/PORTE_Init.o
LOAD ./Static_Code/Peripherals/PTA_Init.o
LOAD ./Static_Code/Peripherals/PTB_Init.o
LOAD ./Static_Code/Peripherals/PTC_Init.o
LOAD ./Static_Code/Peripherals/PTD_Init.o
LOAD ./Static_Code/Peripherals/PTE_Init.o
LOAD ./Static_Code/Peripherals/RCM_Init.o
LOAD ./Static_Code/Peripherals/RNG_Init.o
LOAD ./Static_Code/Peripherals/RTC_Init.o
LOAD ./Static_Code/Peripherals/SDHC_Init.o
LOAD ./Static_Code/Peripherals/SIM_Init.o
LOAD ./Static_Code/Peripherals/SMC_Init.o
LOAD ./Static_Code/Peripherals/SPI0_Init.o
LOAD ./Static_Code/Peripherals/SPI1_Init.o
LOAD ./Static_Code/Peripherals/SPI2_Init.o
LOAD ./Static_Code/Peripherals/SysTick_Init.o
LOAD ./Static_Code/Peripherals/SystemControl_Init.o
LOAD ./Static_Code/Peripherals/UART0_Init.o
LOAD ./Static_Code/Peripherals/UART1_Init.o
LOAD ./Static_Code/Peripherals/UART2_Init.o
LOAD ./Static_Code/Peripherals/UART3_Init.o
LOAD ./Static_Code/Peripherals/UART4_Init.o
LOAD ./Static_Code/Peripherals/UART5_Init.o
LOAD ./Static_Code/Peripherals/USB0_Init.o
LOAD ./Static_Code/Peripherals/USBDCD_Init.o
LOAD ./Static_Code/Peripherals/VREF_Init.o
LOAD ./Static_Code/Peripherals/WDOG_Init.o
LOAD ./Sources/Events.o
LOAD ./Sources/main.o
LOAD ./Project_Settings/Startup_Code/startup.o
LOAD ./Generated_Code/Cpu.o
LOAD ./Generated_Code/FRTOS1.o
LOAD ./Generated_Code/PE_LDD.o
LOAD ./Generated_Code/TI1.o
LOAD ./Generated_Code/TU1.o
LOAD ./Generated_Code/TimerIntLdd1.o
LOAD ./Generated_Code/UTIL1.o
LOAD ./Generated_Code/croutine.o
LOAD ./Generated_Code/event_groups.o
LOAD ./Generated_Code/heap_1.o
LOAD ./Generated_Code/heap_2.o
LOAD ./Generated_Code/heap_3.o
LOAD ./Generated_Code/heap_4.o
LOAD ./Generated_Code/heap_5.o
LOAD ./Generated_Code/list.o
LOAD ./Generated_Code/port.o
LOAD ./Generated_Code/queue.o
LOAD ./Generated_Code/tasks.o
LOAD ./Generated_Code/timers.o
LOAD /usr/local/gcc-arm-none-eabi-4_9-2015q3/bin/../lib/gcc/arm-none-eabi/4.9.3/../../../../arm-none-eabi/lib/armv7e-m/fpu/libstdc++.a
LOAD /usr/local/gcc-arm-none-eabi-4_9-2015q3/bin/../lib/gcc/arm-none-eabi/4.9.3/../../../../arm-none-eabi/lib/armv7e-m/fpu/libm.a
START GROUP
LOAD /usr/local/gcc-arm-none-eabi-4_9-2015q3/bin/../lib/gcc/arm-none-eabi/4.9.3/armv7e-m/fpu/libgcc.a
LOAD /usr/local/gcc-arm-none-eabi-4_9-2015q3/bin/../lib/gcc/arm-none-eabi/4.9.3/../../../../arm-none-eabi/lib/armv7e-m/fpu/libg.a
LOAD /usr/local/gcc-arm-none-eabi-4_9-2015q3/bin/../lib/gcc/arm-none-eabi/4.9.3/../../../../arm-none-eabi/lib/armv7e-m/fpu/libc.a
END GROUP
LOAD /usr/local/gcc-arm-none-eabi-4_9-2015q3/bin/../lib/gcc/arm-none-eabi/4.9.3/armv7e-m/fpu/crtend.o
LOAD /usr/local/gcc-arm-none-eabi-4_9-2015q3/bin/../lib/gcc/arm-none-eabi/4.9.3/armv7e-m/fpu/crtn.o
                0x20030000                _estack = 0x20030000
                0x20030000                __SP_INIT = _estack
                0x00000000                __heap_size = 0x0
                0x00000400                __stack_size = 0x400

.interrupts     0x00000000      0x198
                0x00000000                __vector_table = .
                0x00000000                . = ALIGN (0x4)
 *(.vectortable)
 .vectortable   0x00000000      0x198 ./Static_Code/System/Vectors.o
                0x00000000                __vect_table
                0x00000198                . = ALIGN (0x4)

.cfmprotect     0x00000400       0x10
                0x00000400                . = ALIGN (0x4)
 *(.cfmconfig)
 .cfmconfig     0x00000400       0x10 ./Static_Code/System/CPU_Init.o
                0x00000400                _cfm
                0x00000410                . = ALIGN (0x4)

.text           0x00000410     0x2a7c
                0x00000410                . = ALIGN (0x4)
 *(.text)
 .text          0x00000410       0x5c /usr/local/gcc-arm-none-eabi-4_9-2015q3/bin/../lib/gcc/arm-none-eabi/4.9.3/armv7e-m/fpu/crtbegin.o
 .text          0x0000046c      0x134 /usr/local/gcc-arm-none-eabi-4_9-2015q3/bin/../lib/gcc/arm-none-eabi/4.9.3/../../../../arm-none-eabi/lib/armv7e-m/fpu/libg.a(lib_a-memcpy.o)
                0x0000046c                memcpy
 .text          0x000005a0       0x1c /usr/local/gcc-arm-none-eabi-4_9-2015q3/bin/../lib/gcc/arm-none-eabi/4.9.3/../../../../arm-none-eabi/lib/armv7e-m/fpu/libg.a(lib_a-setjmp.o)
                0x000005a0                setjmp
                0x000005ac                longjmp
 *(.text*)
 .text.CPU_SetBASEPRI
                0x000005bc       0x18 ./Static_Code/System/CPU_Init.o
                0x000005bc                CPU_SetBASEPRI
 .text.__init_hardware
                0x000005d4       0x84 ./Static_Code/System/CPU_Init.o
                0x000005d4                __init_hardware
 .text.PE_low_level_init
                0x00000658       0x50 ./Static_Code/System/CPU_Init.o
                0x00000658                PE_low_level_init
 .text.CPU_GetClockGenMode
                0x000006a8       0x90 ./Static_Code/System/CPU_Init.o
                0x000006a8                CPU_GetClockGenMode
 .text.CPU_SetClockConfigGenMode
                0x00000738      0x5a8 ./Static_Code/System/CPU_Init.o
                0x00000738                CPU_SetClockConfigGenMode
 .text.UnhandledInterrupt
                0x00000ce0       0x18 ./Static_Code/System/Vectors.o
                0x00000ce0                UnhandledInterrupt
 .text.Cpu_OnNMI
                0x00000cf8        0xc ./Sources/Events.o
                0x00000cf8                Cpu_OnNMI
 .text.FRTOS1_vApplicationStackOverflowHook
                0x00000d04       0x14 ./Sources/Events.o
                0x00000d04                FRTOS1_vApplicationStackOverflowHook
 .text.FRTOS1_vApplicationTickHook
                0x00000d18        0xc ./Sources/Events.o
                0x00000d18                FRTOS1_vApplicationTickHook
 .text.FRTOS1_vApplicationIdleHook
                0x00000d24        0xc ./Sources/Events.o
                0x00000d24                FRTOS1_vApplicationIdleHook
 .text.FRTOS1_vApplicationMallocFailedHook
                0x00000d30       0x10 ./Sources/Events.o
                0x00000d30                FRTOS1_vApplicationMallocFailedHook
 .text.TI1_OnInterrupt
                0x00000d40       0x18 ./Sources/Events.o
                0x00000d40                TI1_OnInterrupt
 .text.newMessage
                0x00000d58       0x3c ./Sources/main.o
                0x00000d58                newMessage
 .text.controllerTask
                0x00000d94       0xc0 ./Sources/main.o
                0x00000d94                controllerTask
 .text.main     0x00000e54       0x68 ./Sources/main.o
                0x00000e54                main
 .text.__flush_cache
                0x00000ebc       0x14 ./Project_Settings/Startup_Code/startup.o
                0x00000ebc                __flush_cache
 .text.__copy_rom_section
                0x00000ed0       0xe4 ./Project_Settings/Startup_Code/startup.o
                0x00000ed0                __copy_rom_section
 .text.__copy_rom_sections_to_ram
                0x00000fb4       0xc4 ./Project_Settings/Startup_Code/startup.o
                0x00000fb4                __copy_rom_sections_to_ram
 .text.zero_fill_bss
                0x00001078       0xb4 ./Project_Settings/Startup_Code/startup.o
 .text.__init_registers
                0x0000112c        0xc ./Project_Settings/Startup_Code/startup.o
                0x0000112c                __init_registers
 .text.__init_user
                0x00001138        0xc ./Project_Settings/Startup_Code/startup.o
                0x00001138                __init_user
 .text.__thumb_startup
                0x00001144       0x48 ./Project_Settings/Startup_Code/startup.o
                0x00001144                __thumb_startup
 .text.Components_Init
                0x0000118c       0x10 ./Generated_Code/Cpu.o
                0x0000118c                Components_Init
 .text.Cpu_INT_NMIInterrupt
                0x0000119c       0x1c ./Generated_Code/Cpu.o
                0x0000119c                Cpu_INT_NMIInterrupt
 .text.TimerIntLdd1_OnInterrupt
                0x000011b8       0x14 ./Generated_Code/TI1.o
                0x000011b8                TimerIntLdd1_OnInterrupt
 .text.TU1_Init
                0x000011cc       0xf8 ./Generated_Code/TU1.o
                0x000011cc                TU1_Init
 .text.TU1_Interrupt
                0x000012c4       0x6c ./Generated_Code/TU1.o
                0x000012c4                TU1_Interrupt
 .text.TimerIntLdd1_Init
                0x00001330       0x50 ./Generated_Code/TimerIntLdd1.o
                0x00001330                TimerIntLdd1_Init
 .text.TU1_OnCounterRestart
                0x00001380       0x24 ./Generated_Code/TimerIntLdd1.o
                0x00001380                TU1_OnCounterRestart
 .text.pvPortMalloc
                0x000013a4       0x94 ./Generated_Code/heap_1.o
                0x000013a4                pvPortMalloc
 .text.vPortFree
                0x00001438       0x24 ./Generated_Code/heap_1.o
                0x00001438                vPortFree
 .text.vListInitialise
                0x0000145c       0x40 ./Generated_Code/list.o
                0x0000145c                vListInitialise
 .text.vListInitialiseItem
                0x0000149c       0x18 ./Generated_Code/list.o
                0x0000149c                vListInitialiseItem
 .text.vListInsertEnd
                0x000014b4       0x48 ./Generated_Code/list.o
                0x000014b4                vListInsertEnd
 .text.vListInsert
                0x000014fc       0x70 ./Generated_Code/list.o
                0x000014fc                vListInsert
 .text.uxListRemove
                0x0000156c       0x54 ./Generated_Code/list.o
                0x0000156c                uxListRemove
 .text.pxPortInitialiseStack
                0x000015c0       0x60 ./Generated_Code/port.o
                0x000015c0                pxPortInitialiseStack
 .text.vPortInitTickTimer
                0x00001620       0x40 ./Generated_Code/port.o
                0x00001620                vPortInitTickTimer
 .text.vPortStartTickTimer
                0x00001660       0x18 ./Generated_Code/port.o
                0x00001660                vPortStartTickTimer
 .text.vPortStopTickTimer
                0x00001678       0x18 ./Generated_Code/port.o
                0x00001678                vPortStopTickTimer
 .text.vPortEnableVFP
                0x00001690       0x1c ./Generated_Code/port.o
                0x00001690                vPortEnableVFP
 .text.xPortStartScheduler
                0x000016ac       0x58 ./Generated_Code/port.o
                0x000016ac                xPortStartScheduler
 .text.vPortEnterCritical
                0x00001704       0x2c ./Generated_Code/port.o
                0x00001704                vPortEnterCritical
 .text.vPortExitCritical
                0x00001730       0x2c ./Generated_Code/port.o
                0x00001730                vPortExitCritical
 .text.vPortYieldFromISR
                0x0000175c       0x20 ./Generated_Code/port.o
                0x0000175c                vPortYieldFromISR
 .text.vPortTickHandler
                0x0000177c       0x24 ./Generated_Code/port.o
                0x0000177c                vPortTickHandler
 .text.vPortStartFirstTask
                0x000017a0       0x20 ./Generated_Code/port.o
                0x000017a0                vPortStartFirstTask
 .text.vPortSVCHandler
                0x000017c0       0x1c ./Generated_Code/port.o
                0x000017c0                vPortSVCHandler
 .text.vPortPendSVHandler
                0x000017dc       0x50 ./Generated_Code/port.o
                0x000017dc                vPortPendSVHandler
 .text.xQueueGenericReset
                0x0000182c       0xb4 ./Generated_Code/queue.o
                0x0000182c                xQueueGenericReset
 .text.xQueueGenericCreate
                0x000018e0       0x98 ./Generated_Code/queue.o
                0x000018e0                xQueueGenericCreate
 .text.xQueueGenericSend
                0x00001978      0x19c ./Generated_Code/queue.o
                0x00001978                xQueueGenericSend
 .text.xQueueGiveFromISR
                0x00001b14       0xcc ./Generated_Code/queue.o
                0x00001b14                xQueueGiveFromISR
 .text.xQueueGenericReceive
                0x00001be0      0x1c8 ./Generated_Code/queue.o
                0x00001be0                xQueueGenericReceive
 .text.prvCopyDataToQueue
                0x00001da8       0xdc ./Generated_Code/queue.o
 .text.prvCopyDataFromQueue
                0x00001e84       0x4c ./Generated_Code/queue.o
 .text.prvUnlockQueue
                0x00001ed0       0x98 ./Generated_Code/queue.o
 .text.prvIsQueueEmpty
                0x00001f68       0x2c ./Generated_Code/queue.o
 .text.prvIsQueueFull
                0x00001f94       0x30 ./Generated_Code/queue.o
 .text.xTaskGenericCreate
                0x00001fc4      0x16c ./Generated_Code/tasks.o
                0x00001fc4                xTaskGenericCreate
 .text.vTaskStartScheduler
                0x00002130       0x7c ./Generated_Code/tasks.o
                0x00002130                vTaskStartScheduler
 .text.vTaskSuspendAll
                0x000021ac       0x1c ./Generated_Code/tasks.o
                0x000021ac                vTaskSuspendAll
 .text.xTaskResumeAll
                0x000021c8      0x110 ./Generated_Code/tasks.o
                0x000021c8                xTaskResumeAll
 .text.xTaskIncrementTick
                0x000022d8      0x184 ./Generated_Code/tasks.o
                0x000022d8                xTaskIncrementTick
 .text.vTaskSwitchContext
                0x0000245c       0xc8 ./Generated_Code/tasks.o
                0x0000245c                vTaskSwitchContext
 .text.vTaskPlaceOnEventList
                0x00002524       0x70 ./Generated_Code/tasks.o
                0x00002524                vTaskPlaceOnEventList
 .text.xTaskRemoveFromEventList
                0x00002594       0xbc ./Generated_Code/tasks.o
                0x00002594                xTaskRemoveFromEventList
 .text.vTaskSetTimeOutState
                0x00002650       0x3c ./Generated_Code/tasks.o
                0x00002650                vTaskSetTimeOutState
 .text.xTaskCheckForTimeOut
                0x0000268c       0xa8 ./Generated_Code/tasks.o
                0x0000268c                xTaskCheckForTimeOut
 .text.vTaskMissedYield
                0x00002734       0x18 ./Generated_Code/tasks.o
                0x00002734                vTaskMissedYield
 .text.prvIdleTask
                0x0000274c       0x24 ./Generated_Code/tasks.o
 .text.prvInitialiseTCBVariables
                0x00002770       0xa4 ./Generated_Code/tasks.o
 .text.prvInitialiseTaskLists
                0x00002814       0x74 ./Generated_Code/tasks.o
 .text.prvCheckTasksWaitingTermination
                0x00002888        0xc ./Generated_Code/tasks.o
 .text.prvAddCurrentTaskToDelayedList
                0x00002894       0x6c ./Generated_Code/tasks.o
 .text.prvAllocateTCBAndStack
                0x00002900       0x70 ./Generated_Code/tasks.o
 .text.prvResetNextTaskUnblockTime
                0x00002970       0x48 ./Generated_Code/tasks.o
 .text.xTaskGetSchedulerState
                0x000029b8       0x3c ./Generated_Code/tasks.o
                0x000029b8                xTaskGetSchedulerState
 .text.vTaskPriorityInherit
                0x000029f4       0xbc ./Generated_Code/tasks.o
                0x000029f4                vTaskPriorityInherit
 .text.xTaskPriorityDisinherit
                0x00002ab0       0xc4 ./Generated_Code/tasks.o
                0x00002ab0                xTaskPriorityDisinherit
 .text.pvTaskIncrementMutexHeldCount
                0x00002b74       0x28 ./Generated_Code/tasks.o
                0x00002b74                pvTaskIncrementMutexHeldCount
 .text.memset   0x00002b9c       0x9c /usr/local/gcc-arm-none-eabi-4_9-2015q3/bin/../lib/gcc/arm-none-eabi/4.9.3/../../../../arm-none-eabi/lib/armv7e-m/fpu/libg.a(lib_a-memset.o)
                0x00002b9c                memset
 .text.startup.register_fini
                0x00002c38       0x14 /usr/local/gcc-arm-none-eabi-4_9-2015q3/bin/../lib/gcc/arm-none-eabi/4.9.3/../../../../arm-none-eabi/lib/armv7e-m/fpu/libg.a(lib_a-__call_atexit.o)
 .text.atexit   0x00002c4c        0xc /usr/local/gcc-arm-none-eabi-4_9-2015q3/bin/../lib/gcc/arm-none-eabi/4.9.3/../../../../arm-none-eabi/lib/armv7e-m/fpu/libg.a(lib_a-atexit.o)
                0x00002c4c                atexit
 .text.__libc_fini_array
                0x00002c58       0x2c /usr/local/gcc-arm-none-eabi-4_9-2015q3/bin/../lib/gcc/arm-none-eabi/4.9.3/../../../../arm-none-eabi/lib/armv7e-m/fpu/libg.a(lib_a-fini.o)
                0x00002c58                __libc_fini_array
 .text.__register_exitproc
                0x00002c84       0xa4 /usr/local/gcc-arm-none-eabi-4_9-2015q3/bin/../lib/gcc/arm-none-eabi/4.9.3/../../../../arm-none-eabi/lib/armv7e-m/fpu/libg.a(lib_a-__atexit.o)
                0x00002c84                __register_exitproc
 *(.rodata)
 .rodata        0x00002d28       0x40 ./Sources/main.o
 .rodata        0x00002d68        0x5 ./Generated_Code/tasks.o
 *(.rodata*)
 *fill*         0x00002d6d        0x3 
 .rodata.ClockGenModeMatrix
                0x00002d70       0x80 ./Static_Code/System/CPU_Init.o
 .rodata.CPU_ClockConfigDescriptors
                0x00002df0       0x1c ./Static_Code/System/CPU_Init.o
 .rodata.CPU_DefaultFEI
                0x00002e0c        0x7 ./Static_Code/System/CPU_Init.o
 *fill*         0x00002e13        0x1 
 .rodata.CPU_DefaultFBI
                0x00002e14        0x7 ./Static_Code/System/CPU_Init.o
 *fill*         0x00002e1b        0x1 
 .rodata.CPU_DefaultBLPI
                0x00002e1c        0x7 ./Static_Code/System/CPU_Init.o
 *fill*         0x00002e23        0x1 
 .rodata.CPU_DefaultFEE
                0x00002e24        0x7 ./Static_Code/System/CPU_Init.o
 *fill*         0x00002e2b        0x1 
 .rodata.CPU_DefaultFBE
                0x00002e2c        0x7 ./Static_Code/System/CPU_Init.o
 *fill*         0x00002e33        0x1 
 .rodata.CPU_DefaultBLPE
                0x00002e34        0x7 ./Static_Code/System/CPU_Init.o
 *fill*         0x00002e3b        0x1 
 .rodata.CPU_DefaultPBE
                0x00002e3c        0x7 ./Static_Code/System/CPU_Init.o
 *fill*         0x00002e43        0x1 
 .rodata.CPU_DefaultPEE
                0x00002e44        0x7 ./Static_Code/System/CPU_Init.o
 *fill*         0x00002e4b        0x1 
 .rodata.CPU_ClockGenModeRegs
                0x00002e4c       0x20 ./Static_Code/System/CPU_Init.o
 .rodata.str1.4
                0x00002e6c        0x4 /usr/local/gcc-arm-none-eabi-4_9-2015q3/bin/../lib/gcc/arm-none-eabi/4.9.3/../../../../arm-none-eabi/lib/armv7e-m/fpu/libg.a(lib_a-impure.o)
                                  0x2 (size before relaxing)
 .rodata._global_impure_ptr
                0x00002e70        0x4 /usr/local/gcc-arm-none-eabi-4_9-2015q3/bin/../lib/gcc/arm-none-eabi/4.9.3/../../../../arm-none-eabi/lib/armv7e-m/fpu/libg.a(lib_a-impure.o)
                0x00002e70                _global_impure_ptr
 *(.glue_7)
 .glue_7        0x00000000        0x0 linker stubs
 *(.glue_7t)
 .glue_7t       0x00000000        0x0 linker stubs
 *(.eh_frame)
 .eh_frame      0x00002e74        0x0 /usr/local/gcc-arm-none-eabi-4_9-2015q3/bin/../lib/gcc/arm-none-eabi/4.9.3/armv7e-m/fpu/crtbegin.o
 *(.init)
 .init          0x00002e74        0x4 /usr/local/gcc-arm-none-eabi-4_9-2015q3/bin/../lib/gcc/arm-none-eabi/4.9.3/armv7e-m/fpu/crti.o
                0x00002e74                _init
 .init          0x00002e78        0x8 /usr/local/gcc-arm-none-eabi-4_9-2015q3/bin/../lib/gcc/arm-none-eabi/4.9.3/armv7e-m/fpu/crtn.o
 *(.fini)
 .fini          0x00002e80        0x4 /usr/local/gcc-arm-none-eabi-4_9-2015q3/bin/../lib/gcc/arm-none-eabi/4.9.3/armv7e-m/fpu/crti.o
                0x00002e80                _fini
 .fini          0x00002e84        0x8 /usr/local/gcc-arm-none-eabi-4_9-2015q3/bin/../lib/gcc/arm-none-eabi/4.9.3/armv7e-m/fpu/crtn.o
                0x00002e8c                . = ALIGN (0x4)
                0x00002e8c                _etext = .

.vfp11_veneer   0x00002e8c        0x0
 .vfp11_veneer  0x00000000        0x0 linker stubs

.v4_bx          0x00002e8c        0x0
 .v4_bx         0x00000000        0x0 linker stubs

.iplt           0x00002e8c        0x0
 .iplt          0x00000000        0x0 /usr/local/gcc-arm-none-eabi-4_9-2015q3/bin/../lib/gcc/arm-none-eabi/4.9.3/armv7e-m/fpu/crtbegin.o

.rel.dyn        0x00002e8c        0x0
 .rel.iplt      0x00000000        0x0 /usr/local/gcc-arm-none-eabi-4_9-2015q3/bin/../lib/gcc/arm-none-eabi/4.9.3/armv7e-m/fpu/crtbegin.o

.ARM.extab
 *(.ARM.extab* .gnu.linkonce.armextab.*)

.ARM            0x00002e8c        0x0
                0x00002e8c                __exidx_start = .
 *(.ARM.exidx*)
                0x00002e8c                __exidx_end = .

.ctors          0x00002e8c        0x0
                0x00002e8c                __CTOR_LIST__ = .
 *crtbegin.o(.ctors)
 *(EXCLUDE_FILE(*crtend.o) .ctors)
 *(SORT(.ctors.*))
 *(.ctors)
                0x00002e8c                __CTOR_END__ = .

.dtors          0x00002e8c        0x0
                0x00002e8c                __DTOR_LIST__ = .
 *crtbegin.o(.dtors)
 *(EXCLUDE_FILE(*crtend.o) .dtors)
 *(SORT(.dtors.*))
 *(.dtors)
                0x00002e8c                __DTOR_END__ = .

.preinit_array  0x00002e8c        0x0
                0x00002e8c                PROVIDE (__preinit_array_start, .)
 *(.preinit_array*)
                0x00002e8c                PROVIDE (__preinit_array_end, .)

.init_array     0x00002e8c        0x8
                0x00002e8c                PROVIDE (__init_array_start, .)
 *(SORT(.init_array.*))
 .init_array.00000
                0x00002e8c        0x4 /usr/local/gcc-arm-none-eabi-4_9-2015q3/bin/../lib/gcc/arm-none-eabi/4.9.3/../../../../arm-none-eabi/lib/armv7e-m/fpu/libg.a(lib_a-__call_atexit.o)
 *(.init_array*)
 .init_array    0x00002e90        0x4 /usr/local/gcc-arm-none-eabi-4_9-2015q3/bin/../lib/gcc/arm-none-eabi/4.9.3/armv7e-m/fpu/crtbegin.o
                0x00002e94                PROVIDE (__init_array_end, .)

.fini_array     0x00002e94        0x4
                0x00002e94                PROVIDE (__fini_array_start, .)
 *(SORT(.fini_array.*))
 *(.fini_array*)
 .fini_array    0x00002e94        0x4 /usr/local/gcc-arm-none-eabi-4_9-2015q3/bin/../lib/gcc/arm-none-eabi/4.9.3/armv7e-m/fpu/crtbegin.o
                0x00002e98                PROVIDE (__fini_array_end, .)
                0x00002e98                ___ROM_AT = .

.data           0x20000000      0x430 load address 0x00002e98
                0x20000000                . = ALIGN (0x4)
                0x20000000                _sdata = .
 *(.data)
 *(.data*)
 .data.uxCriticalNesting
                0x20000000        0x4 ./Generated_Code/port.o
 *fill*         0x20000004        0x4 
 .data.impure_data
                0x20000008      0x428 /usr/local/gcc-arm-none-eabi-4_9-2015q3/bin/../lib/gcc/arm-none-eabi/4.9.3/../../../../arm-none-eabi/lib/armv7e-m/fpu/libg.a(lib_a-impure.o)
                0x20000430                . = ALIGN (0x4)
                0x20000430                _edata = .
                0x00000430                ___data_size = (_edata - _sdata)
                0x000032c8                ___m_data_1FFF0000_ROMStart = (___ROM_AT + SIZEOF (.data))

.jcr            0x20000430        0x0 load address 0x000032c8
 .jcr           0x20000430        0x0 /usr/local/gcc-arm-none-eabi-4_9-2015q3/bin/../lib/gcc/arm-none-eabi/4.9.3/armv7e-m/fpu/crtbegin.o

.igot.plt       0x20000430        0x0 load address 0x000032c8
 .igot.plt      0x00000000        0x0 /usr/local/gcc-arm-none-eabi-4_9-2015q3/bin/../lib/gcc/arm-none-eabi/4.9.3/armv7e-m/fpu/crtbegin.o

.m_data_1FFF0000
                0x1fff0000        0x0 load address 0x000032c8
                0x1fff0000                . = ALIGN (0x4)
                0x1fff0000                ___m_data_1FFF0000_RAMStart = .
 *(.m_data_1FFF0000)
                0x1fff0000                ___m_data_1FFF0000_RAMEnd = .
                0x1fff0000                . = ALIGN (0x4)
                0x00000000                ___m_data_1FFF0000_ROMSize = (___m_data_1FFF0000_RAMEnd - ___m_data_1FFF0000_RAMStart)
                0x1fff0000                . = ALIGN (0x4)

.bss            0x20000430     0xa1d4 load address 0x000032c8
                0x20000430                __START_BSS = .
                0x20000430                PROVIDE (__bss_start__, __START_BSS)
 *(.bss)
 .bss           0x20000430       0x1c /usr/local/gcc-arm-none-eabi-4_9-2015q3/bin/../lib/gcc/arm-none-eabi/4.9.3/armv7e-m/fpu/crtbegin.o
 *(.bss*)
 .bss.messageQueueHandle
                0x2000044c        0x4 ./Sources/main.o
 .bss.argv      0x20000450       0x28 ./Project_Settings/Startup_Code/startup.o
 .bss.PE_LDD_DeviceDataList
                0x20000478        0x8 ./Generated_Code/PE_LDD.o
                0x20000478                PE_LDD_DeviceDataList
 .bss.DeviceDataPrv__DEFAULT_RTOS_ALLOC
                0x20000480        0xc ./Generated_Code/TU1.o
 .bss.INT_FTM0__BAREBOARD_RTOS_ISRPARAM
                0x2000048c        0x4 ./Generated_Code/TU1.o
 .bss.DeviceDataPrv__DEFAULT_RTOS_ALLOC
                0x20000490        0xc ./Generated_Code/TimerIntLdd1.o
 .bss.ucHeap    0x2000049c     0xa000 ./Generated_Code/heap_1.o
 .bss.xNextFreeByte
                0x2000a49c        0x4 ./Generated_Code/heap_1.o
 .bss.pucAlignedHeap.7514
                0x2000a4a0        0x4 ./Generated_Code/heap_1.o
 .bss.xJumpBuf  0x2000a4a4       0x5c ./Generated_Code/port.o
 .bss.pxCurrentTCB
                0x2000a500        0x4 ./Generated_Code/tasks.o
                0x2000a500                pxCurrentTCB
 .bss.pxReadyTasksLists
                0x2000a504       0x78 ./Generated_Code/tasks.o
 .bss.xDelayedTaskList1
                0x2000a57c       0x14 ./Generated_Code/tasks.o
 .bss.xDelayedTaskList2
                0x2000a590       0x14 ./Generated_Code/tasks.o
 .bss.pxDelayedTaskList
                0x2000a5a4        0x4 ./Generated_Code/tasks.o
 .bss.pxOverflowDelayedTaskList
                0x2000a5a8        0x4 ./Generated_Code/tasks.o
 .bss.xPendingReadyList
                0x2000a5ac       0x14 ./Generated_Code/tasks.o
 .bss.xSuspendedTaskList
                0x2000a5c0       0x14 ./Generated_Code/tasks.o
 .bss.xIdleTaskHandle
                0x2000a5d4        0x4 ./Generated_Code/tasks.o
 .bss.uxCurrentNumberOfTasks
                0x2000a5d8        0x4 ./Generated_Code/tasks.o
 .bss.xTickCount
                0x2000a5dc        0x4 ./Generated_Code/tasks.o
 .bss.uxTopReadyPriority
                0x2000a5e0        0x4 ./Generated_Code/tasks.o
 .bss.xSchedulerRunning
                0x2000a5e4        0x4 ./Generated_Code/tasks.o
 .bss.uxPendedTicks
                0x2000a5e8        0x4 ./Generated_Code/tasks.o
 .bss.xYieldPending
                0x2000a5ec        0x4 ./Generated_Code/tasks.o
 .bss.xNumOfOverflows
                0x2000a5f0        0x4 ./Generated_Code/tasks.o
 .bss.uxTaskNumber
                0x2000a5f4        0x4 ./Generated_Code/tasks.o
 .bss.xNextTaskUnblockTime
                0x2000a5f8        0x4 ./Generated_Code/tasks.o
 .bss.uxSchedulerSuspended
                0x2000a5fc        0x4 ./Generated_Code/tasks.o
 *(COMMON)
 COMMON         0x2000a600        0x4 ./Sources/Events.o
                0x2000a600                timerSemaphoreHandle
                0x2000a604                . = ALIGN (0x4)
                0x2000a604                __END_BSS = .
                0x2000a604                PROVIDE (__bss_end__, __END_BSS)
                0x000032c8                _romp_at = ((___ROM_AT + SIZEOF (.data)) + SIZEOF (.m_data_1FFF0000))

.romp           0x2000a604       0x24 load address 0x000032c8
                0x000032c8                __S_romp = _romp_at
                0x2000a604        0x4 LONG 0x2e98 ___ROM_AT
                0x2000a608        0x4 LONG 0x20000000 _sdata
                0x2000a60c        0x4 LONG 0x430 ___data_size
                0x2000a610        0x4 LONG 0x32c8 ___m_data_1FFF0000_ROMStart
                0x2000a614        0x4 LONG 0x1fff0000 ___m_data_1FFF0000_RAMStart
                0x2000a618        0x4 LONG 0x0 ___m_data_1FFF0000_ROMSize
                0x2000a61c        0x4 LONG 0x0
                0x2000a620        0x4 LONG 0x0
                0x2000a624        0x4 LONG 0x0

._user_heap_stack
                0x2000a628      0x400 load address 0x000032ec
                0x2000a628                . = ALIGN (0x4)
                0x2000a628                PROVIDE (end, .)
                0x2000a628                PROVIDE (_end, .)
                0x2000a628                __heap_addr = .
                0x2000a628                . = (. + __heap_size)
                0x2000aa28                . = (. + __stack_size)
 *fill*         0x2000a628      0x400 
                0x2000aa28                . = ALIGN (0x4)

.ARM.attributes
                0x00000000       0x30
 *(.ARM.attributes)
 .ARM.attributes
                0x00000000       0x22 /usr/local/gcc-arm-none-eabi-4_9-2015q3/bin/../lib/gcc/arm-none-eabi/4.9.3/armv7e-m/fpu/crti.o
 .ARM.attributes
                0x00000022       0x34 /usr/local/gcc-arm-none-eabi-4_9-2015q3/bin/../lib/gcc/arm-none-eabi/4.9.3/armv7e-m/fpu/crtbegin.o
 .ARM.attributes
                0x00000056       0x39 ./Static_Code/System/CPU_Init.o
 .ARM.attributes
                0x0000008f       0x39 ./Static_Code/System/Vectors.o
 .ARM.attributes
                0x000000c8       0x39 ./Sources/Events.o
 .ARM.attributes
                0x00000101       0x39 ./Sources/main.o
 .ARM.attributes
                0x0000013a       0x39 ./Project_Settings/Startup_Code/startup.o
 .ARM.attributes
                0x00000173       0x39 ./Generated_Code/Cpu.o
 .ARM.attributes
                0x000001ac       0x39 ./Generated_Code/PE_LDD.o
 .ARM.attributes
                0x000001e5       0x39 ./Generated_Code/TI1.o
 .ARM.attributes
                0x0000021e       0x39 ./Generated_Code/TU1.o
 .ARM.attributes
                0x00000257       0x39 ./Generated_Code/TimerIntLdd1.o
 .ARM.attributes
                0x00000290       0x39 ./Generated_Code/heap_1.o
 .ARM.attributes
                0x000002c9       0x39 ./Generated_Code/list.o
 .ARM.attributes
                0x00000302       0x39 ./Generated_Code/port.o
 .ARM.attributes
                0x0000033b       0x39 ./Generated_Code/queue.o
 .ARM.attributes
                0x00000374       0x39 ./Generated_Code/tasks.o
 .ARM.attributes
                0x000003ad       0x34 /usr/local/gcc-arm-none-eabi-4_9-2015q3/bin/../lib/gcc/arm-none-eabi/4.9.3/../../../../arm-none-eabi/lib/armv7e-m/fpu/libg.a(lib_a-impure.o)
 .ARM.attributes
                0x000003e1       0x20 /usr/local/gcc-arm-none-eabi-4_9-2015q3/bin/../lib/gcc/arm-none-eabi/4.9.3/../../../../arm-none-eabi/lib/armv7e-m/fpu/libg.a(lib_a-memcpy.o)
 .ARM.attributes
                0x00000401       0x34 /usr/local/gcc-arm-none-eabi-4_9-2015q3/bin/../lib/gcc/arm-none-eabi/4.9.3/../../../../arm-none-eabi/lib/armv7e-m/fpu/libg.a(lib_a-memset.o)
 .ARM.attributes
                0x00000435       0x20 /usr/local/gcc-arm-none-eabi-4_9-2015q3/bin/../lib/gcc/arm-none-eabi/4.9.3/../../../../arm-none-eabi/lib/armv7e-m/fpu/libg.a(lib_a-setjmp.o)
 .ARM.attributes
                0x00000455       0x34 /usr/local/gcc-arm-none-eabi-4_9-2015q3/bin/../lib/gcc/arm-none-eabi/4.9.3/../../../../arm-none-eabi/lib/armv7e-m/fpu/libg.a(lib_a-__call_atexit.o)
 .ARM.attributes
                0x00000489       0x34 /usr/local/gcc-arm-none-eabi-4_9-2015q3/bin/../lib/gcc/arm-none-eabi/4.9.3/../../../../arm-none-eabi/lib/armv7e-m/fpu/libg.a(lib_a-atexit.o)
 .ARM.attributes
                0x000004bd       0x34 /usr/local/gcc-arm-none-eabi-4_9-2015q3/bin/../lib/gcc/arm-none-eabi/4.9.3/../../../../arm-none-eabi/lib/armv7e-m/fpu/libg.a(lib_a-fini.o)
 .ARM.attributes
                0x000004f1       0x34 /usr/local/gcc-arm-none-eabi-4_9-2015q3/bin/../lib/gcc/arm-none-eabi/4.9.3/../../../../arm-none-eabi/lib/armv7e-m/fpu/libg.a(lib_a-__atexit.o)
 .ARM.attributes
                0x00000525       0x22 /usr/local/gcc-arm-none-eabi-4_9-2015q3/bin/../lib/gcc/arm-none-eabi/4.9.3/armv7e-m/fpu/crtn.o
OUTPUT(InterTaskCommunicationQueues.elf elf32-littlearm)

.debug_info     0x00000000     0x4a25
 .debug_info    0x00000000      0xa7f ./Static_Code/System/CPU_Init.o
 .debug_info    0x00000a7f      0x825 ./Static_Code/System/Vectors.o
 .debug_info    0x000012a4      0x146 ./Sources/Events.o
 .debug_info    0x000013ea      0x38c ./Sources/main.o
 .debug_info    0x00001776      0x308 ./Project_Settings/Startup_Code/startup.o
 .debug_info    0x00001a7e       0xa7 ./Generated_Code/Cpu.o
 .debug_info    0x00001b25      0x251 ./Generated_Code/PE_LDD.o
 .debug_info    0x00001d76       0xb2 ./Generated_Code/TI1.o
 .debug_info    0x00001e28      0x647 ./Generated_Code/TU1.o
 .debug_info    0x0000246f      0x177 ./Generated_Code/TimerIntLdd1.o
 .debug_info    0x000025e6      0x187 ./Generated_Code/heap_1.o
 .debug_info    0x0000276d      0x2a8 ./Generated_Code/list.o
 .debug_info    0x00002a15      0x287 ./Generated_Code/port.o
 .debug_info    0x00002c9c      0xab3 ./Generated_Code/queue.o
 .debug_info    0x0000374f     0x12d6 ./Generated_Code/tasks.o

.debug_abbrev   0x00000000     0x103a
 .debug_abbrev  0x00000000      0x1bf ./Static_Code/System/CPU_Init.o
 .debug_abbrev  0x000001bf       0xd8 ./Static_Code/System/Vectors.o
 .debug_abbrev  0x00000297       0xb4 ./Sources/Events.o
 .debug_abbrev  0x0000034b      0x138 ./Sources/main.o
 .debug_abbrev  0x00000483      0x148 ./Project_Settings/Startup_Code/startup.o
 .debug_abbrev  0x000005cb       0x45 ./Generated_Code/Cpu.o
 .debug_abbrev  0x00000610      0x10d ./Generated_Code/PE_LDD.o
 .debug_abbrev  0x0000071d       0x68 ./Generated_Code/TI1.o
 .debug_abbrev  0x00000785      0x16a ./Generated_Code/TU1.o
 .debug_abbrev  0x000008ef       0xdd ./Generated_Code/TimerIntLdd1.o
 .debug_abbrev  0x000009cc       0xf1 ./Generated_Code/heap_1.o
 .debug_abbrev  0x00000abd       0xc1 ./Generated_Code/list.o
 .debug_abbrev  0x00000b7e      0x10c ./Generated_Code/port.o
 .debug_abbrev  0x00000c8a      0x160 ./Generated_Code/queue.o
 .debug_abbrev  0x00000dea      0x250 ./Generated_Code/tasks.o

.debug_aranges  0x00000000      0x8c8
 .debug_aranges
                0x00000000       0x40 ./Static_Code/System/CPU_Init.o
 .debug_aranges
                0x00000040      0x340 ./Static_Code/System/Vectors.o
 .debug_aranges
                0x00000380       0x48 ./Sources/Events.o
 .debug_aranges
                0x000003c8       0x50 ./Sources/main.o
 .debug_aranges
                0x00000418       0x60 ./Project_Settings/Startup_Code/startup.o
 .debug_aranges
                0x00000478       0x28 ./Generated_Code/Cpu.o
 .debug_aranges
                0x000004a0       0x30 ./Generated_Code/PE_LDD.o
 .debug_aranges
                0x000004d0       0x20 ./Generated_Code/TI1.o
 .debug_aranges
                0x000004f0       0x28 ./Generated_Code/TU1.o
 .debug_aranges
                0x00000518       0x28 ./Generated_Code/TimerIntLdd1.o
 .debug_aranges
                0x00000540       0x38 ./Generated_Code/heap_1.o
 .debug_aranges
                0x00000578       0x40 ./Generated_Code/list.o
 .debug_aranges
                0x000005b8       0x98 ./Generated_Code/port.o
 .debug_aranges
                0x00000650       0xd8 ./Generated_Code/queue.o
 .debug_aranges
                0x00000728      0x1a0 ./Generated_Code/tasks.o

.debug_ranges   0x00000000      0x7d8
 .debug_ranges  0x00000000       0x30 ./Static_Code/System/CPU_Init.o
 .debug_ranges  0x00000030      0x330 ./Static_Code/System/Vectors.o
 .debug_ranges  0x00000360       0x38 ./Sources/Events.o
 .debug_ranges  0x00000398       0x40 ./Sources/main.o
 .debug_ranges  0x000003d8       0x50 ./Project_Settings/Startup_Code/startup.o
 .debug_ranges  0x00000428       0x18 ./Generated_Code/Cpu.o
 .debug_ranges  0x00000440       0x20 ./Generated_Code/PE_LDD.o
 .debug_ranges  0x00000460       0x10 ./Generated_Code/TI1.o
 .debug_ranges  0x00000470       0x18 ./Generated_Code/TU1.o
 .debug_ranges  0x00000488       0x18 ./Generated_Code/TimerIntLdd1.o
 .debug_ranges  0x000004a0       0x28 ./Generated_Code/heap_1.o
 .debug_ranges  0x000004c8       0x30 ./Generated_Code/list.o
 .debug_ranges  0x000004f8       0x88 ./Generated_Code/port.o
 .debug_ranges  0x00000580       0xc8 ./Generated_Code/queue.o
 .debug_ranges  0x00000648      0x190 ./Generated_Code/tasks.o

.debug_macro    0x00000000    0x20d24
 .debug_macro   0x00000000      0x2bc ./Static_Code/System/CPU_Init.o
 .debug_macro   0x000002bc      0x86e ./Static_Code/System/CPU_Init.o
 .debug_macro   0x00000b2a       0x22 ./Static_Code/System/CPU_Init.o
 .debug_macro   0x00000b4c       0x44 ./Static_Code/System/CPU_Init.o
 .debug_macro   0x00000b90       0xe3 ./Static_Code/System/CPU_Init.o
 .debug_macro   0x00000c73       0x22 ./Static_Code/System/CPU_Init.o
 .debug_macro   0x00000c95      0x1df ./Static_Code/System/CPU_Init.o
 .debug_macro   0x00000e74     0x177c ./Static_Code/System/CPU_Init.o
 .debug_macro   0x000025f0    0x10f7a ./Static_Code/System/CPU_Init.o
 .debug_macro   0x0001356a      0x472 ./Static_Code/System/CPU_Init.o
 .debug_macro   0x000139dc      0x14e ./Static_Code/System/CPU_Init.o
 .debug_macro   0x00013b2a       0x6a ./Static_Code/System/CPU_Init.o
 .debug_macro   0x00013b94       0x58 ./Static_Code/System/CPU_Init.o
 .debug_macro   0x00013bec       0x35 ./Static_Code/System/CPU_Init.o
 .debug_macro   0x00013c21       0x9c ./Static_Code/System/CPU_Init.o
 .debug_macro   0x00013cbd       0x16 ./Static_Code/System/CPU_Init.o
 .debug_macro   0x00013cd3      0x166 ./Static_Code/System/CPU_Init.o
 .debug_macro   0x00013e39       0x52 ./Static_Code/System/CPU_Init.o
 .debug_macro   0x00013e8b       0x16 ./Static_Code/System/CPU_Init.o
 .debug_macro   0x00013ea1       0x43 ./Static_Code/System/CPU_Init.o
 .debug_macro   0x00013ee4      0x180 ./Static_Code/System/CPU_Init.o
 .debug_macro   0x00014064      0x29d ./Static_Code/System/CPU_Init.o
 .debug_macro   0x00014301       0x10 ./Static_Code/System/CPU_Init.o
 .debug_macro   0x00014311       0x35 ./Static_Code/System/CPU_Init.o
 .debug_macro   0x00014346       0x19 ./Static_Code/System/CPU_Init.o
 .debug_macro   0x0001435f      0x2a7 ./Static_Code/System/CPU_Init.o
 .debug_macro   0x00014606      0x15d ./Static_Code/System/CPU_Init.o
 .debug_macro   0x00014763       0xce ./Static_Code/System/CPU_Init.o
 .debug_macro   0x00014831       0x10 ./Static_Code/System/CPU_Init.o
 .debug_macro   0x00014841       0x1f ./Static_Code/System/CPU_Init.o
 .debug_macro   0x00014860       0xc0 ./Static_Code/System/CPU_Init.o
 .debug_macro   0x00014920       0x9a ./Static_Code/System/CPU_Init.o
 .debug_macro   0x000149ba      0x361 ./Static_Code/System/CPU_Init.o
 .debug_macro   0x00014d1b       0xb0 ./Static_Code/System/CPU_Init.o
 .debug_macro   0x00014dcb       0x7f ./Static_Code/System/CPU_Init.o
 .debug_macro   0x00014e4a       0x97 ./Static_Code/System/CPU_Init.o
 .debug_macro   0x00014ee1       0x19 ./Static_Code/System/CPU_Init.o
 .debug_macro   0x00014efa      0x2c7 ./Static_Code/System/CPU_Init.o
 .debug_macro   0x000151c1       0x94 ./Static_Code/System/CPU_Init.o
 .debug_macro   0x00015255      0x6a0 ./Static_Code/System/CPU_Init.o
 .debug_macro   0x000158f5       0x49 ./Static_Code/System/CPU_Init.o
 .debug_macro   0x0001593e       0x1c ./Static_Code/System/CPU_Init.o
 .debug_macro   0x0001595a      0x296 ./Static_Code/System/CPU_Init.o
 .debug_macro   0x00015bf0      0x2aa ./Static_Code/System/Vectors.o
 .debug_macro   0x00015e9a      0x3dc ./Sources/Events.o
 .debug_macro   0x00016276      0x61c ./Sources/Events.o
 .debug_macro   0x00016892      0x626 ./Sources/Events.o
 .debug_macro   0x00016eb8      0x327 ./Sources/Events.o
 .debug_macro   0x000171df      0x1e8 ./Sources/Events.o
 .debug_macro   0x000173c7      0x109 ./Sources/Events.o
 .debug_macro   0x000174d0      0x17e ./Sources/Events.o
 .debug_macro   0x0001764e      0x200 ./Sources/Events.o
 .debug_macro   0x0001784e      0x91e ./Sources/Events.o
 .debug_macro   0x0001816c      0x588 ./Sources/Events.o
 .debug_macro   0x000186f4       0x9e ./Sources/Events.o
 .debug_macro   0x00018792      0x1f7 ./Sources/Events.o
 .debug_macro   0x00018989      0x50f ./Sources/Events.o
 .debug_macro   0x00018e98      0x131 ./Sources/Events.o
 .debug_macro   0x00018fc9      0x297 ./Sources/Events.o
 .debug_macro   0x00019260      0x318 ./Sources/Events.o
 .debug_macro   0x00019578      0x25a ./Sources/Events.o
 .debug_macro   0x000197d2      0x13d ./Sources/Events.o
 .debug_macro   0x0001990f      0x30b ./Sources/Events.o
 .debug_macro   0x00019c1a       0xba ./Sources/Events.o
 .debug_macro   0x00019cd4       0xe9 ./Sources/Events.o
 .debug_macro   0x00019dbd      0x4e9 ./Sources/Events.o
 .debug_macro   0x0001a2a6      0x191 ./Sources/Events.o
 .debug_macro   0x0001a437       0xea ./Sources/Events.o
 .debug_macro   0x0001a521      0x348 ./Sources/Events.o
 .debug_macro   0x0001a869      0x7d6 ./Sources/Events.o
 .debug_macro   0x0001b03f      0x179 ./Sources/Events.o
 .debug_macro   0x0001b1b8      0x645 ./Sources/Events.o
 .debug_macro   0x0001b7fd      0x892 ./Sources/Events.o
 .debug_macro   0x0001c08f      0x11c ./Sources/Events.o
 .debug_macro   0x0001c1ab      0x648 ./Sources/Events.o
 .debug_macro   0x0001c7f3       0x81 ./Sources/Events.o
 .debug_macro   0x0001c874      0x7bf ./Sources/Events.o
 .debug_macro   0x0001d033      0x10f ./Sources/Events.o
 .debug_macro   0x0001d142      0x614 ./Sources/Events.o
 .debug_macro   0x0001d756      0x181 ./Sources/Events.o
 .debug_macro   0x0001d8d7      0x3dc ./Sources/main.o
 .debug_macro   0x0001dcb3      0x102 ./Project_Settings/Startup_Code/startup.o
 .debug_macro   0x0001ddb5       0x4a ./Project_Settings/Startup_Code/startup.o
 .debug_macro   0x0001ddff       0x16 ./Project_Settings/Startup_Code/startup.o
 .debug_macro   0x0001de15       0x22 ./Project_Settings/Startup_Code/startup.o
 .debug_macro   0x0001de37      0x2b4 ./Generated_Code/Cpu.o
 .debug_macro   0x0001e0eb     0x1776 ./Generated_Code/Cpu.o
 .debug_macro   0x0001f861      0x269 ./Generated_Code/PE_LDD.o
 .debug_macro   0x0001faca      0x28d ./Generated_Code/TI1.o
 .debug_macro   0x0001fd57      0x189 ./Generated_Code/TU1.o
 .debug_macro   0x0001fee0      0x193 ./Generated_Code/TimerIntLdd1.o
 .debug_macro   0x00020073      0x2c6 ./Generated_Code/heap_1.o
 .debug_macro   0x00020339       0x16 ./Generated_Code/heap_1.o
 .debug_macro   0x0002034f      0x180 ./Generated_Code/list.o
 .debug_macro   0x000204cf      0x269 ./Generated_Code/port.o
 .debug_macro   0x00020738       0xc8 ./Generated_Code/port.o
 .debug_macro   0x00020800      0x1df ./Generated_Code/queue.o
 .debug_macro   0x000209df      0x335 ./Generated_Code/tasks.o
 .debug_macro   0x00020d14       0x10 ./Generated_Code/tasks.o

.debug_line     0x00000000     0x695b
 .debug_line    0x00000000      0x736 ./Static_Code/System/CPU_Init.o
 .debug_line    0x00000736      0xcea ./Static_Code/System/Vectors.o
 .debug_line    0x00001420      0x7b6 ./Sources/Events.o
 .debug_line    0x00001bd6      0x811 ./Sources/main.o
 .debug_line    0x000023e7      0x344 ./Project_Settings/Startup_Code/startup.o
 .debug_line    0x0000272b      0x640 ./Generated_Code/Cpu.o
 .debug_line    0x00002d6b      0x58b ./Generated_Code/PE_LDD.o
 .debug_line    0x000032f6      0x5be ./Generated_Code/TI1.o
 .debug_line    0x000038b4      0x4e7 ./Generated_Code/TU1.o
 .debug_line    0x00003d9b      0x4d9 ./Generated_Code/TimerIntLdd1.o
 .debug_line    0x00004274      0x64f ./Generated_Code/heap_1.o
 .debug_line    0x000048c3      0x34d ./Generated_Code/list.o
 .debug_line    0x00004c10      0x587 ./Generated_Code/port.o
 .debug_line    0x00005197      0x848 ./Generated_Code/queue.o
 .debug_line    0x000059df      0xf7c ./Generated_Code/tasks.o

.debug_str      0x00000000    0xec435
 .debug_str     0x00000000    0x7da22 ./Static_Code/System/CPU_Init.o
                              0x7dc5d (size before relaxing)
 .debug_str     0x0007da22      0x984 ./Static_Code/System/Vectors.o
                              0x7e09c (size before relaxing)
 .debug_str     0x0007e3a6    0x6b62a ./Sources/Events.o
                              0xe7d14 (size before relaxing)
 .debug_str     0x000e99d0      0x15b ./Sources/main.o
                              0xe7e0b (size before relaxing)
 .debug_str     0x000e9b2b      0x1f4 ./Project_Settings/Startup_Code/startup.o
                               0x4dbf (size before relaxing)
 .debug_str     0x000e9d1f       0x28 ./Generated_Code/Cpu.o
                              0x7c6ef (size before relaxing)
 .debug_str     0x000e9d47      0x191 ./Generated_Code/PE_LDD.o
                              0x7c877 (size before relaxing)
 .debug_str     0x000e9ed8       0x4b ./Generated_Code/TI1.o
                              0x7c6f7 (size before relaxing)
 .debug_str     0x000e9f23      0x1f3 ./Generated_Code/TU1.o
                              0x76d58 (size before relaxing)
 .debug_str     0x000ea116       0xbe ./Generated_Code/TimerIntLdd1.o
                              0x76b55 (size before relaxing)
 .debug_str     0x000ea1d4      0x127 ./Generated_Code/heap_1.o
                              0x7c88b (size before relaxing)
 .debug_str     0x000ea2fb      0x12f ./Generated_Code/list.o
                              0x102bb (size before relaxing)
 .debug_str     0x000ea42a      0xa27 ./Generated_Code/port.o
                              0x6e0a6 (size before relaxing)
 .debug_str     0x000eae51      0x634 ./Generated_Code/queue.o
                              0x1134a (size before relaxing)
 .debug_str     0x000eb485      0xfb0 ./Generated_Code/tasks.o
                              0x7d943 (size before relaxing)

.comment        0x00000000       0x70
 .comment       0x00000000       0x70 ./Static_Code/System/CPU_Init.o
                                 0x71 (size before relaxing)
 .comment       0x00000000       0x71 ./Static_Code/System/Vectors.o
 .comment       0x00000000       0x71 ./Sources/Events.o
 .comment       0x00000000       0x71 ./Sources/main.o
 .comment       0x00000000       0x71 ./Project_Settings/Startup_Code/startup.o
 .comment       0x00000000       0x71 ./Generated_Code/Cpu.o
 .comment       0x00000000       0x71 ./Generated_Code/PE_LDD.o
 .comment       0x00000000       0x71 ./Generated_Code/TI1.o
 .comment       0x00000000       0x71 ./Generated_Code/TU1.o
 .comment       0x00000000       0x71 ./Generated_Code/TimerIntLdd1.o
 .comment       0x00000000       0x71 ./Generated_Code/heap_1.o
 .comment       0x00000000       0x71 ./Generated_Code/list.o
 .comment       0x00000000       0x71 ./Generated_Code/port.o
 .comment       0x00000000       0x71 ./Generated_Code/queue.o
 .comment       0x00000000       0x71 ./Generated_Code/tasks.o

.debug_frame    0x00000000     0x245c
 .debug_frame   0x00000000       0xb8 ./Static_Code/System/CPU_Init.o
 .debug_frame   0x000000b8      0xfd8 ./Static_Code/System/Vectors.o
 .debug_frame   0x00001090       0xc0 ./Sources/Events.o
 .debug_frame   0x00001150      0x104 ./Sources/main.o
 .debug_frame   0x00001254      0x14c ./Project_Settings/Startup_Code/startup.o
 .debug_frame   0x000013a0       0x58 ./Generated_Code/Cpu.o
 .debug_frame   0x000013f8       0x84 ./Generated_Code/PE_LDD.o
 .debug_frame   0x0000147c       0x34 ./Generated_Code/TI1.o
 .debug_frame   0x000014b0       0x68 ./Generated_Code/TU1.o
 .debug_frame   0x00001518       0x58 ./Generated_Code/TimerIntLdd1.o
 .debug_frame   0x00001570       0x9c ./Generated_Code/heap_1.o
 .debug_frame   0x0000160c       0xd8 ./Generated_Code/list.o
 .debug_frame   0x000016e4      0x1ec ./Generated_Code/port.o
 .debug_frame   0x000018d0      0x384 ./Generated_Code/queue.o
 .debug_frame   0x00001c54      0x6fc ./Generated_Code/tasks.o
 .debug_frame   0x00002350       0x34 /usr/local/gcc-arm-none-eabi-4_9-2015q3/bin/../lib/gcc/arm-none-eabi/4.9.3/../../../../arm-none-eabi/lib/armv7e-m/fpu/libg.a(lib_a-memset.o)
 .debug_frame   0x00002384       0x50 /usr/local/gcc-arm-none-eabi-4_9-2015q3/bin/../lib/gcc/arm-none-eabi/4.9.3/../../../../arm-none-eabi/lib/armv7e-m/fpu/libg.a(lib_a-__call_atexit.o)
 .debug_frame   0x000023d4       0x20 /usr/local/gcc-arm-none-eabi-4_9-2015q3/bin/../lib/gcc/arm-none-eabi/4.9.3/../../../../arm-none-eabi/lib/armv7e-m/fpu/libg.a(lib_a-atexit.o)
 .debug_frame   0x000023f4       0x34 /usr/local/gcc-arm-none-eabi-4_9-2015q3/bin/../lib/gcc/arm-none-eabi/4.9.3/../../../../arm-none-eabi/lib/armv7e-m/fpu/libg.a(lib_a-fini.o)
 .debug_frame   0x00002428       0x34 /usr/local/gcc-arm-none-eabi-4_9-2015q3/bin/../lib/gcc/arm-none-eabi/4.9.3/../../../../arm-none-eabi/lib/armv7e-m/fpu/libg.a(lib_a-__atexit.o)
